tests
tests
tests
tests
new changes 1
new changes 1
new changes 1
